// Jest Snapshot v1, https://goo.gl/fbAQLP

exports[`TopTracks renders correctly 1`] = `<Error />`;
