// Jest Snapshot v1, https://goo.gl/fbAQLP

exports[`Emoji Component renders correctly 1`] = `
<span
  aria-label="rock on"
  role="img"
>
  ðŸ¤˜
</span>
`;
